[backend] nvidia (Pollinations.ai / FLUX, no key needed)
[missing-only] 6522 species -> 6277 missing illustrations
[notes] loaded per-species addenda for 19 species
generating up to 12554 illustrations into /home/pi/BirdNET-Pi/avian/assets/illustrations/
  [ok]   abroscopus-superciliaris.png (671 KB)
  [ok]   abroscopus-superciliaris-2.png (631 KB)
  [ok]   aburria-aburri.png (674 KB)
  [ok]   aburria-aburri-2.png (771 KB)
  [ok]   acanthagenys-rufogularis.png (700 KB)
  [ok]   acanthagenys-rufogularis-2.png (750 KB)
  [ok]   acanthidops-bairdi.png (682 KB)
  [ok]   acanthidops-bairdi-2.png (688 KB)
  [ok]   acanthis-cabaret.png (611 KB)
  [ok]   acanthis-cabaret-2.png (692 KB)
  [ok]   acanthis-hornemanni.png (671 KB)
  [ok]   acanthis-hornemanni-2.png (687 KB)
  [ok]   acanthisitta-chloris.png (683 KB)
  [ok]   acanthisitta-chloris-2.png (767 KB)
  [ok]   acanthiza-apicalis.png (661 KB)
  [ok]   acanthiza-apicalis-2.png (714 KB)
  [ok]   acanthiza-chrysorrhoa.png (634 KB)
  [ok]   acanthiza-chrysorrhoa-2.png (670 KB)
  [ok]   acanthiza-ewingii.png (672 KB)
  [ok]   acanthiza-ewingii-2.png (719 KB)
  [ok]   acanthiza-inornata.png (638 KB)
  [ok]   acanthiza-inornata-2.png (703 KB)
  [ok]   acanthiza-lineata.png (676 KB)
  [ok]   acanthiza-lineata-2.png (740 KB)
  [ok]   acanthiza-nana.png (595 KB)
  [ok]   acanthiza-nana-2.png (689 KB)
  [ok]   acanthiza-pusilla.png (642 KB)
  [ok]   acanthiza-pusilla-2.png (720 KB)
  [ok]   acanthiza-reguloides.png (651 KB)
  [ok]   acanthiza-reguloides-2.png (702 KB)
  [ok]   acanthiza-uropygialis.png (617 KB)
  [ok]   acanthiza-uropygialis-2.png (698 KB)
  [ok]   acanthorhynchus-superciliosus.png (689 KB)
  [ok]   acanthorhynchus-superciliosus-2.png (767 KB)
  [ok]   acanthorhynchus-tenuirostris.png (674 KB)
  [ok]   acanthorhynchus-tenuirostris-2.png (769 KB)
  [ok]   accipiter-badius.png (689 KB)
  [ok]   accipiter-badius-2.png (745 KB)
  [ok]   accipiter-bicolor.png (833 KB)
  [ok]   accipiter-bicolor-2.png (872 KB)
  [ok]   accipiter-cirrocephalus.png (739 KB)
  [ok]   accipiter-cirrocephalus-2.png (761 KB)
  [ok]   accipiter-fasciatus.png (828 KB)
  [ok]   accipiter-fasciatus-2.png (883 KB)
  [ok]   accipiter-gularis.png (696 KB)
  [ok]   accipiter-gularis-2.png (730 KB)
  [ok]   accipiter-hiogaster.png (798 KB)
  [ok]   accipiter-hiogaster-2.png (833 KB)
  [ok]   accipiter-melanoleucus.png (836 KB)
  [ok]   accipiter-melanoleucus-2.png (862 KB)
  [ok]   accipiter-minullus.png (699 KB)
  [ok]   accipiter-minullus-2.png (749 KB)
  [ok]   accipiter-nisus-2.png (768 KB)
  [ok]   accipiter-novaehollandiae.png (807 KB)
  [ok]   accipiter-novaehollandiae-2.png (827 KB)
  [ok]   accipiter-poliogaster.png (797 KB)
  [ok]   accipiter-poliogaster-2.png (843 KB)
  [ok]   accipiter-soloensis.png (697 KB)
  [ok]   accipiter-soloensis-2.png (729 KB)
  [ok]   accipiter-superciliosus.png (763 KB)
  [ok]   accipiter-superciliosus-2.png (759 KB)
  [ok]   accipiter-tachiro.png (813 KB)
  [ok]   accipiter-tachiro-2.png (889 KB)
  [ok]   accipiter-trinotatus.png (760 KB)
  [ok]   accipiter-trinotatus-2.png (832 KB)
  [ok]   accipiter-trivirgatus.png (800 KB)
  [ok]   accipiter-trivirgatus-2.png (896 KB)
  [ok]   accipiter-virgatus.png (669 KB)
  [ok]   accipiter-virgatus-2.png (757 KB)
  [ok]   aceros-nipalensis.png (724 KB)
  [ok]   aceros-nipalensis-2.png (760 KB)
  [ok]   achaetops-pycnopygius.png (734 KB)
  [ok]   achaetops-pycnopygius-2.png (816 KB)
  [ok]   acridotheres-burmannicus.png (652 KB)
  [ok]   acridotheres-burmannicus-2.png (699 KB)
  [ok]   acridotheres-cristatellus.png (674 KB)
  [ok]   acridotheres-cristatellus-2.png (739 KB)
  [ok]   acridotheres-fuscus.png (690 KB)
  [ok]   acridotheres-fuscus-2.png (741 KB)
  [ok]   acridotheres-ginginianus.png (660 KB)
  [ok]   acridotheres-ginginianus-2.png (708 KB)
  [ok]   acridotheres-grandis.png (662 KB)
  [ok]   acridotheres-grandis-2.png (753 KB)
  [ok]   acridotheres-javanicus.png (647 KB)
  [ok]   acridotheres-javanicus-2.png (703 KB)
  [ok]   acridotheres-tristis.png (661 KB)
  [ok]   acridotheres-tristis-2.png (703 KB)
  [ok]   acris-crepitans.png (660 KB)
  [ok]   acris-crepitans-2.png (765 KB)
  [ok]   acris-gryllus.png (681 KB)
  [ok]   acris-gryllus-2.png (779 KB)
  [ok]   acrobatornis-fonsecai.png (633 KB)
  [ok]   acrobatornis-fonsecai-2.png (744 KB)
  [ok]   acrocephalus-agricola.png (683 KB)
  [ok]   acrocephalus-agricola-2.png (779 KB)
  [ok]   acrocephalus-arundinaceus.png (676 KB)
  [ok]   acrocephalus-arundinaceus-2.png (716 KB)
  [ok]   acrocephalus-australis.png (662 KB)
  [ok]   acrocephalus-australis-2.png (709 KB)
  [ok]   acrocephalus-baeticatus.png (675 KB)
  [ok]   acrocephalus-baeticatus-2.png (724 KB)
  [ok]   acrocephalus-bistrigiceps.png (667 KB)
  [ok]   acrocephalus-bistrigiceps-2.png (677 KB)
  [ok]   acrocephalus-concinens.png (634 KB)
  [ok]   acrocephalus-concinens-2.png (697 KB)
  [ok]   acrocephalus-dumetorum.png (670 KB)
  [ok]   acrocephalus-dumetorum-2.png (720 KB)
  [ok]   acrocephalus-gracilirostris.png (669 KB)
  [ok]   acrocephalus-gracilirostris-2.png (725 KB)
  [ok]   acrocephalus-griseldis.png (680 KB)
  [ok]   acrocephalus-griseldis-2.png (722 KB)
  [ok]   acrocephalus-melanopogon.png (658 KB)
  [ok]   acrocephalus-melanopogon-2.png (710 KB)
  [ok]   acrocephalus-newtoni.png (694 KB)
  [ok]   acrocephalus-newtoni-2.png (768 KB)
  [ok]   acrocephalus-orientalis.png (655 KB)
  [ok]   acrocephalus-orientalis-2.png (721 KB)
  [ok]   acrocephalus-paludicola.png (670 KB)
  [ok]   acrocephalus-paludicola-2.png (720 KB)
  [ok]   acrocephalus-palustris-2.png (715 KB)
  [ok]   acrocephalus-rufescens.png (681 KB)
  [ok]   acrocephalus-rufescens-2.png (737 KB)
  [ok]   acrocephalus-schoenobaenus-2.png (721 KB)
  [ok]   acrocephalus-scirpaceus-2.png (663 KB)
  [ok]   acrocephalus-stentoreus.png (668 KB)
  [ok]   acrocephalus-stentoreus-2.png (738 KB)
  [ok]   acrocephalus-tangorum.png (651 KB)
  [ok]   acrocephalus-tangorum-2.png (726 KB)
  [ok]   acropternis-orthonyx.png (671 KB)
  [ok]   acropternis-orthonyx-2.png (751 KB)
  [ok]   actenoides-concretus.png (718 KB)
  [ok]   actenoides-concretus-2.png (753 KB)
  [ok]   actenoides-lindsayi.png (739 KB)
  [ok]   actenoides-lindsayi-2.png (785 KB)
  [ok]   actenoides-monachus.png (732 KB)
  [ok]   actenoides-monachus-2.png (774 KB)
  [ok]   actinodura-cyanouroptera.png (702 KB)
  [ok]   actinodura-cyanouroptera-2.png (745 KB)
  [ok]   actinodura-egertoni.png (703 KB)
  [ok]   actinodura-egertoni-2.png (753 KB)
  [ok]   actinodura-nipalensis.png (673 KB)
  [ok]   actinodura-nipalensis-2.png (725 KB)
  [ok]   actinodura-ramsayi.png (676 KB)
  [ok]   actinodura-ramsayi-2.png (759 KB)
  [ok]   actinodura-strigula.png (706 KB)
  [ok]   actinodura-strigula-2.png (751 KB)
  [ok]   actinodura-waldeni.png (667 KB)
  [ok]   actinodura-waldeni-2.png (710 KB)
  [ok]   actitis-hypoleucos-2.png (680 KB)
  [ok]   actophilornis-africanus.png (750 KB)
  [ok]   actophilornis-africanus-2.png (741 KB)
  [ok]   adelomyia-melanogenys.png (698 KB)
  [ok]   adelomyia-melanogenys-2.png (716 KB)
  [ok]   aechmophorus-clarkii.png (672 KB)
  [ok]   aechmophorus-clarkii-2.png (709 KB)
  [ok]   aegithalos-caudatus-2.png (695 KB)
  [ok]   aegithalos-concinnus.png (652 KB)
  [ok]   aegithalos-concinnus-2.png (700 KB)
  [ok]   aegithalos-glaucogularis.png (611 KB)
  [ok]   aegithalos-glaucogularis-2.png (698 KB)
  [ok]   aegithalos-iouschistos.png (697 KB)
  [ok]   aegithalos-iouschistos-2.png (714 KB)
  [ok]   aegithalos-niveogularis.png (593 KB)
  [ok]   aegithalos-niveogularis-2.png (648 KB)
  [ok]   aegithina-nigrolutea.png (637 KB)
  [ok]   aegithina-nigrolutea-2.png (669 KB)
  [ok]   aegithina-tiphia.png (660 KB)
  [ok]   aegithina-tiphia-2.png (712 KB)
  [ok]   aegithina-viridissima.png (663 KB)
  [ok]   aegithina-viridissima-2.png (708 KB)
  [ok]   aegolius-funereus.png (768 KB)
  [ok]   aegolius-funereus-2.png (811 KB)
  [ok]   aegolius-harrisii.png (784 KB)
  [ok]   aegolius-harrisii-2.png (831 KB)
  [ok]   aegolius-ridgwayi.png (742 KB)
  [ok]   aegolius-ridgwayi-2.png (727 KB)
  [ok]   aegotheles-cristatus.png (748 KB)
  [ok]   aegotheles-cristatus-2.png (760 KB)
  [ok]   aegypius-monachus.png (788 KB)
  [ok]   aegypius-monachus-2.png (893 KB)
  [ok]   aerodramus-bartschi.png (640 KB)
